../Core/Src/main.c:204:5:main	9
../Core/Src/main.c:510:6:SystemClock_Config	4
../Core/Src/main.c:568:6:PeriphCommonClock_Config	2
../Core/Src/main.c:596:13:MX_ADC1_Init	4
../Core/Src/main.c:664:13:MX_ADC2_Init	3
../Core/Src/main.c:724:13:MX_FDCAN1_Init	3
../Core/Src/main.c:786:13:MX_FDCAN2_Init	3
../Core/Src/main.c:848:13:MX_FDCAN3_Init	2
../Core/Src/main.c:901:13:MX_SDMMC1_SD_Init	1
../Core/Src/main.c:928:13:MX_TIM1_Init	8
../Core/Src/main.c:1012:13:MX_TIM16_Init	2
../Core/Src/main.c:1044:13:MX_USART1_UART_Init	5
../Core/Src/main.c:1092:13:MX_USART2_UART_Init	5
../Core/Src/main.c:1138:13:MX_DMA_Init	1
../Core/Src/main.c:1156:13:MX_GPIO_Init	1
../Core/Src/main.c:1209:6:print	1
../Core/Src/main.c:1216:6:printValue	1
../Core/Src/main.c:1223:6:printHex	1
../Core/Src/main.c:1229:6:HAL_ADC_ConvCpltCallback	1
../Core/Src/main.c:1235:6:ADC2_Select_FR	2
../Core/Src/main.c:1248:6:ADC2_Select_FL	2
../Core/Src/main.c:1261:6:ADC2_Select_RL	2
../Core/Src/main.c:1274:6:ADC2_Select_RR	2
../Core/Src/main.c:1287:6:HAL_FDCAN_RxFifo0Callback	21
../Core/Src/main.c:1383:5:SMA	2
../Core/Src/main.c:1393:10:setTorque	18
../Core/Src/main.c:1528:6:HAL_TIM_PeriodElapsedCallback	9
../Core/Src/main.c:1700:6:SDCard_start	2
../Core/Src/main.c:1727:6:CAN_bus_off_check_reset	2
../Core/Src/main.c:1735:6:logBufferToSD	6
../Core/Src/main.c:1772:6:addDataToLogBuffer	3
../Core/Src/main.c:1795:6:processLogging	2
../Core/Src/main.c:1802:6:SDCard_write	5
../Core/Src/main.c:1846:6:Error_Handler	1
