../Core/Src/main.c:198:5:main	18
../Core/Src/main.c:457:6:SystemClock_Config	4
../Core/Src/main.c:515:6:PeriphCommonClock_Config	2
../Core/Src/main.c:543:13:MX_ADC1_Init	6
../Core/Src/main.c:630:13:MX_ADC2_Init	3
../Core/Src/main.c:690:13:MX_FDCAN1_Init	3
../Core/Src/main.c:752:13:MX_FDCAN2_Init	3
../Core/Src/main.c:814:13:MX_SDMMC1_SD_Init	1
../Core/Src/main.c:841:13:MX_TIM1_Init	8
../Core/Src/main.c:925:13:MX_TIM16_Init	2
../Core/Src/main.c:957:13:MX_USART1_UART_Init	5
../Core/Src/main.c:1005:13:MX_USART2_UART_Init	5
../Core/Src/main.c:1051:13:MX_DMA_Init	1
../Core/Src/main.c:1069:13:MX_GPIO_Init	1
../Core/Src/main.c:1130:6:print	1
../Core/Src/main.c:1137:6:printValue	1
../Core/Src/main.c:1144:6:printHex	1
../Core/Src/main.c:1150:6:HAL_ADC_ConvCpltCallback	1
../Core/Src/main.c:1156:6:ADC2_Select_FR	2
../Core/Src/main.c:1169:6:ADC2_Select_FL	2
../Core/Src/main.c:1182:6:ADC2_Select_RL	2
../Core/Src/main.c:1195:6:ADC2_Select_RR	2
../Core/Src/main.c:1208:6:HAL_FDCAN_RxFifo0Callback	19
../Core/Src/main.c:1288:5:SMA	2
../Core/Src/main.c:1298:10:setTorque	18
../Core/Src/main.c:1433:6:HAL_TIM_PeriodElapsedCallback	9
../Core/Src/main.c:1605:6:SDCard_start	2
../Core/Src/main.c:1632:6:CAN_bus_off_check_reset	2
../Core/Src/main.c:1640:6:logBufferToSD	6
../Core/Src/main.c:1677:6:addDataToLogBuffer	3
../Core/Src/main.c:1700:6:processLogging	2
../Core/Src/main.c:1707:6:SDCard_write	5
../Core/Src/main.c:1751:6:Error_Handler	1
